ERROR (line 2): Expected token of type ')', but found type PREC3_OP
